# Licensed to the Apache Software Foundation (ASF) under one or more
# contributor license agreements.  See the NOTICE file distributed with
# this work for additional information regarding copyright ownership.
# The ASF licenses this file to You under the Apache License, Version 2.0
# (the "License"); you may not use this file except in compliance with
# the License.  You may obtain a copy of the License at
#
#     http://www.apache.org/licenses/LICENSE-2.0
#
# Unless required by applicable law or agreed to in writing, software
# distributed under the License is distributed on an "AS IS" BASIS,
# WITHOUT WARRANTIES OR CONDITIONS OF ANY KIND, either express or implied.
# See the License for the specific language governing permissions and
# limitations under the License.

{{- contains . }}
- id: {{ b64enc "istio-dp::e2e::istio-egressgateway" }}.1
  name: istio-dp::e2e::istio-egressgateway
  group: "istio-dp"
  shortname: e2e::istio-egressgateway
  normal: true
  layers:
    - MESH_DP
- id: {{ b64enc "istio-dp::e2e::istio-ingressgateway" }}.1
  name: istio-dp::e2e::istio-ingressgateway
  group: "istio-dp"
  shortname: e2e::istio-ingressgateway
  normal: true
  layers:
    - MESH_DP
- id: {{ b64enc "istio-dp::e2e::reviews" }}.1
  name: istio-dp::e2e::reviews
  group: "istio-dp"
  shortname: e2e::reviews
  normal: true
  layers:
    - MESH_DP
- id: {{ b64enc "istio-dp::e2e::productpage" }}.1
  name: istio-dp::e2e::productpage
  group: "istio-dp"
  shortname: e2e::productpage
  normal: true
  layers:
    - MESH_DP
- id: {{ b64enc "istio-dp::e2e::details" }}.1
  name: istio-dp::e2e::details
  group: "istio-dp"
  shortname: e2e::details
  normal: true
  layers:
    - MESH_DP
- id: {{ b64enc "istio-dp::e2e::ratings" }}.1
  name: istio-dp::e2e::ratings
  group: "istio-dp"
  shortname: e2e::ratings
  normal: true
  layers:
    - MESH_DP
{{- end }}
